struct task_struct      size=0xdc0
  tasks                0x458
  prio                 0x68
  static_prio          0x6c
  normal_prio          0x70
  mm                   0x4a8
  real_cred            0x708
  cred                 0x710
  comm                 0x718
  pi_lock              0x7d4
  pi_waiters           0x7e0
  pi_waiters_leftmost  0x7e8
  pi_blocked_on        0x7f0
  state                0x18
  stack                0x20
  files                0x738
  fs                   0x730
  flags                0x2c
  exit_state           0x4f4
  parent               0x568
  thread_group         0x600
  signal               0x748
  start_stack          MISSING
  utime                0x638
  policy               0x408
  ptrace               0x30
  pending              0x770
  blocked              0x758
  on_cpu               0x40
  wake_cpu             0x60
  last_cpu             MISSING
  nr_pages             MISSING
struct rt_mutex_waiter  size=0x50
  tree_entry           0x0
  pi_tree_entry        0x18
  task                 0x30
  lock                 0x38
  prio                 0x40
  deadline             0x48
struct cred             size=0xa8
  usage                0x0
  uid                  0x4
  gid                  0x8
  suid                 0xc
  sgid                 0x10
  euid                 0x14
  egid                 0x18
  fsuid                0x1c
  fsgid                0x20
  securebits           0x24
  cap_inheritable      0x28
  cap_permitted        0x30
  cap_effective        0x38
  cap_bset             0x40
  cap_ambient          0x48
struct mm_struct        size=0x338
  mmap                 0x0
  pgdat                MISSING
  vm_next              MISSING
  vm_prev              MISSING
  owner                MISSING
  task_size            0x30
  start_code           0xe8
  end_code             0xf0
  start_data           0xf8
  end_data             0x100
  start_brk            0x108
  brk                  0x110
  start_stack          0x118
  arg_start            0x120
  arg_end              0x128
  env_start            0x130
  env_end              0x138
  total_vm             0xb0
struct configfs_buffer  size=0x60
  count                0x0
  pos                  0x8
  page                 0x10
  ops                  0x18
  mutex                0x20
  needs_read_fill      0x48
struct files_struct     size=0x2c0
  count                0x0
  fdt                  0x20
struct vm_area_struct   size=0xb0
  vm_mm                0x40
  vm_start             0x0
  vm_end               0x8
  vm_next              0x10
  vm_prev              0x18
  vm_flags             0x50
  vm_page_prot         0x48
  vm_file              0xa0
  vm_ops               0x90
struct kthread          size=0x58
struct ashmem_area      size=0x138
  name                 0x0
  unpinned_list        0x110
  file                 0x120
  size                 0x128
  prot_mask            0x130
struct file             size=0x100
  f_pos                0x70
  f_op                 0x28
  f_path               0x10
struct file_operations  size=0xf0
  read                 0x10
  write                0x18
  open                 0x60
  release              0x70
  unlocked_ioctl       0x48
  compat_ioctl         0x50
  mmap                 0x58
struct futex_q          size=0x70
  list                 0x0
  task                 0x28
  lock_ptr             0x30
  key                  0x38
  pi_state             0x50
  rt_waiter            0x58
  requeue_pi_key       0x60
  bitset               0x68
struct rt_mutex         size=0x20
  wait_lock            0x0
  waiters              0x8
  waiters_leftmost     0x10
  owner                0x18
struct pipe_buffer      size=0x28
  page                 0x0
  offset               0x8
  len                  0xc
  ops                  0x10
  flags                0x18
struct fdtable          size=0x38
  max_fds              0x0
  fd                   0x8
struct rb_node          size=0x18
  __rb_parent_color    0x0
  rb_right             0x8
  rb_left              0x10
struct list_head        size=0x10
  next                 0x0
  prev                 0x8
mismatches across CUs: 0
