P0 READY mode=control boot=3ec336a5-439f-497f-b9f7-08fd7441b174 pid=14621 attempts=1 holds_req=1 pairs_req=512 payload=16384 sentinel=0x5a5a5a5a@0x3ffc
P4 BUDDY before_shape unreadable errno=13
P4 MEM before_shape MemTotal:        1004412 kB
P4 MEM before_shape MemFree:          129340 kB
P4 MEM before_shape MemAvailable:     302160 kB
P4 SLAB slabinfo=absent
P4 SLAB mm_struct_sysfs=denied-BLOCKED (unpriv expected denied)
P1 SHAPED holds=1 (pre=0 leak=1 post=0 spray=0 prep=0) child_first=14623 child_last=14623 t_ms=1
P4 BUDDY after_shape unreadable errno=13
P4 MEM after_shape MemTotal:        1004412 kB
P4 MEM after_shape MemFree:          128340 kB
P4 MEM after_shape MemAvailable:     301160 kB
P2 FREED holds=1
P4 BUDDY after_free unreadable errno=13
P4 MEM after_free MemTotal:        1004412 kB
P4 MEM after_free MemFree:          129436 kB
P4 MEM after_free MemAvailable:     302272 kB
P3 SPRAYED pairs=512 sends_ok=512 spray_errno=0 t_ms=36
P4 BUDDY after_spray unreadable errno=13
P4 MEM after_spray MemTotal:        1004412 kB
P4 MEM after_spray MemFree:          119272 kB
P4 MEM after_spray MemAvailable:     292288 kB
P5 PEEK plumbing_hits=512/512 first=0 t_ms=8 (PLUMBING_SIGNAL, not reclaim)
P6 RECLAIM reclaim_hits=0 (REAL_RECLAIM_SIGNAL unavailable: slabinfo absent, buddy+sysfs denied, no UAF read)
P6 RESULT=FAIL mode=control (reclaim_hits=0; plumbing_hits=512 is NOT reclaim proof)
P7 SUMMARY mode=control boot=3ec336a5-439f-497f-b9f7-08fd7441b174 pid=14621 attempts=1 holds_req=1 holds_ok=1 freed=1 pairs_req=512 pairs_ok=512 sends_ok=512 pressure_obj=16384B plumbing_hits=512 reclaim_hits=0 emfile=0 hold_blocked=0 hold_other=0 t_ms=2076
P8 END mode=control (no reboot observed during exec)
